<testsuites id="" name="" tests="3" failures="0" skipped="0" errors="0" time="5.930289000000001">
<testsuite name="example.spec.js" timestamp="2025-06-30T01:16:59.189Z" hostname="chromium" tests="3" failures="0" skipped="0" time="12.422" errors="0">
<testcase name="user rides › user should be able to ride" classname="example.spec.js" time="4.141">
</testcase>
<testcase name="user rides › user above height should not be allowed" classname="example.spec.js" time="4.14">
</testcase>
<testcase name="user rides › user with minimum height should be allowed" classname="example.spec.js" time="4.141">
</testcase>
</testsuite>
</testsuites>